// Jest Snapshot v1, https://goo.gl/fbAQLP

exports[`matches snapshot 1`] = `
<DocumentFragment>
  <div
    class="spinner-layer spinner-red"
  >
    <div
      class="circle-clipper left"
    >
      <div
        class="circle"
      />
    </div>
    <div
      class="gap-patch"
    >
      <div
        class="circle"
      />
    </div>
    <div
      class="circle-clipper right"
    >
      <div
        class="circle"
      />
    </div>
  </div>
</DocumentFragment>
`;
